\BOOKMARK [0][-]{chapter*.1}{\376\377\000R\000e\000m\000e\000r\000c\000i\000e\000m\000e\000n\000t\000s}{}% 1
\BOOKMARK [0][-]{chapter*.3}{\376\377\000I\000n\000d\000e\000x\000\040\000d\000e\000s\000\040\000n\000o\000t\000a\000t\000i\000o\000n\000s}{}% 2
\BOOKMARK [0][-]{chapter.1}{\376\377\000I\000n\000t\000r\000o\000d\000u\000c\000t\000i\000o\000n}{}% 3
\BOOKMARK [1][-]{section.1.1}{\376\377\000R\000e\000v\000u\000e\000\040\000b\000i\000b\000l\000i\000o\000g\000r\000a\000p\000h\000i\000q\000u\000e}{chapter.1}% 4
\BOOKMARK [1][-]{section.1.2}{\376\377\000C\000o\000n\000t\000e\000x\000t\000e\000\040\000d\000u\000\040\000t\000r\000a\000v\000a\000i\000l}{chapter.1}% 5
\BOOKMARK [1][-]{section.1.3}{\376\377\000B\000a\000s\000e\000s\000\040\000d\000e\000\040\000t\000h\000e\000r\000m\000o\000a\000c\000o\000u\000s\000t\000i\000q\000u\000e}{chapter.1}% 6
\BOOKMARK [2][-]{subsection.1.3.1}{\376\377\000C\000o\000n\000c\000e\000p\000t\000s\000\040\000g\000\351\000n\000\351\000r\000a\000u\000x}{section.1.3}% 7
\BOOKMARK [2][-]{subsection.1.3.2}{\376\377\000\311\000q\000u\000a\000t\000i\000o\000n\000s\000\040\000f\000o\000n\000d\000a\000m\000e\000n\000t\000a\000l\000e\000s\000\040\000d\000e\000\040\000l\000'\000a\000c\000o\000u\000s\000t\000i\000q\000u\000e\000\040\000e\000n\000\040\000f\000l\000u\000i\000d\000e\000s\000\040\000d\000i\000s\000s\000i\000p\000a\000t\000i\000f\000s}{section.1.3}% 8
\BOOKMARK [2][-]{subsection.1.3.3}{\376\377\000F\000o\000n\000c\000t\000i\000o\000n\000\040\000v\000i\000s\000c\000o\000-\000t\000h\000e\000r\000m\000i\000q\000u\000e\000s}{section.1.3}% 9
\BOOKMARK [3][-]{subsubsection.1.3.3.1}{\376\377\000M\000i\000l\000i\000e\000u\000\040\000t\000o\000r\000t\000u\000e\000u\000x}{subsection.1.3.3}% 10
\BOOKMARK [1][-]{section.1.4}{\376\377\000\311\000t\000a\000t\000\040\000d\000e\000\040\000l\000'\000a\000r\000t}{chapter.1}% 11
\BOOKMARK [2][-]{subsection.1.4.1}{\376\377\000D\000e\000\040\000l\000a\000\040\000r\000e\000c\000h\000e\000r\000c\000h\000e\000\040\000f\000o\000n\000d\000a\000m\000e\000n\000t\000a\000l\000e\000.\000.\000.}{section.1.4}% 12
\BOOKMARK [2][-]{subsection.1.4.2}{\376\377\000.\000.\000.\000\040\000\340\000\040\000d\000e\000s\000\040\000a\000p\000p\000l\000i\000c\000a\000t\000i\000o\000n\000s\000\040\000i\000n\000d\000u\000s\000t\000r\000i\000e\000l\000l\000e\000s}{section.1.4}% 13
\BOOKMARK [1][-]{section.1.5}{\376\377\000O\000u\000t\000i\000l\000s\000\040\000\351\000l\000e\000c\000t\000r\000o\000a\000c\000o\000u\000s\000t\000i\000q\000u\000e\000s\000\040\000p\000o\000u\000r\000\040\000l\000a\000\040\000t\000h\000e\000r\000m\000o\000a\000c\000o\000u\000s\000t\000i\000q\000u\000e}{chapter.1}% 14
\BOOKMARK [2][-]{subsection.1.5.1}{\376\377\000M\000o\000d\000\350\000l\000e\000s\000\040\000a\000u\000x\000\040\000c\000o\000n\000s\000t\000a\000n\000t\000e\000s\000\040\000l\000o\000c\000a\000l\000i\000s\000\351\000e\000s\000\040\000e\000t\000\040\000c\000i\000r\000c\000u\000i\000t\000s\000\040\000\351\000l\000e\000c\000t\000r\000i\000q\000u\000e\000s\000\040\000\351\000q\000u\000i\000v\000a\000l\000e\000n\000t\000s}{section.1.5}% 15
\BOOKMARK [3][-]{subsubsection.1.5.1.1}{\376\377\000E\000n\000\040\000g\000\351\000n\000\351\000r\000a\000l}{subsection.1.5.1}% 16
\BOOKMARK [3][-]{subsubsection.1.5.1.2}{\376\377\000C\000i\000r\000c\000u\000i\000t\000\040\000\351\000l\000e\000c\000t\000r\000i\000q\000u\000e\000\040\000\351\000q\000u\000i\000v\000a\000l\000e\000n\000t\000\040\000\340\000\040\000u\000n\000\040\000n\000o\000y\000a\000u\000\040\000t\000h\000e\000r\000m\000o\000a\000c\000o\000u\000s\000t\000i\000q\000u\000e}{subsection.1.5.1}% 17
\BOOKMARK [2][-]{subsection.1.5.2}{\376\377\000C\000i\000r\000c\000u\000i\000t\000\040\000\351\000q\000u\000i\000v\000a\000l\000e\000n\000t\000\040\000\340\000\040\000u\000n\000e\000\040\000m\000a\000c\000h\000i\000n\000e\000\040\000c\000o\000m\000p\000l\000\350\000t\000e}{section.1.5}% 18
\BOOKMARK [2][-]{subsection.1.5.3}{\376\377\000M\000a\000t\000r\000i\000c\000e\000s\000\040\000d\000e\000\040\000t\000r\000a\000n\000s\000f\000e\000r\000t}{section.1.5}% 19
\BOOKMARK [3][-]{subsubsection.1.5.3.1}{\376\377\000E\000n\000\040\000g\000\351\000n\000\351\000r\000a\000l}{subsection.1.5.3}% 20
\BOOKMARK [3][-]{subsubsection.1.5.3.2}{\376\377\000M\000a\000t\000r\000i\000c\000e\000\040\000d\000e\000\040\000t\000r\000a\000n\000s\000f\000e\000r\000t\000\040\000d\000'\000u\000n\000\040\000n\000o\000y\000a\000u\000\040\000t\000h\000e\000r\000m\000o\000a\000c\000o\000u\000s\000t\000i\000q\000u\000e}{subsection.1.5.3}% 21
\BOOKMARK [1][-]{section.1.6}{\376\377\000L\000i\000m\000i\000t\000e\000s\000\040\000d\000e\000s\000\040\000m\000o\000d\000\350\000l\000e\000s}{chapter.1}% 22
\BOOKMARK [1][-]{section.1.7}{\376\377\000R\000\351\000s\000u\000l\000t\000a\000t\000s\000\040\000a\000n\000t\000\351\000r\000i\000e\000u\000r\000s\000\040\000a\000u\000\040\000d\000o\000c\000t\000o\000r\000a\000t}{chapter.1}% 23
\BOOKMARK [1][-]{section.1.8}{\376\377\000P\000l\000a\000n\000\040\000d\000u\000\040\000m\000a\000n\000u\000s\000c\000r\000i\000t}{chapter.1}% 24
\BOOKMARK [0][-]{chapter.2}{\376\377\000D\000i\000s\000p\000o\000s\000i\000t\000i\000f\000\040\000e\000x\000p\000\351\000r\000i\000m\000e\000n\000t\000a\000l}{}% 25
\BOOKMARK [1][-]{section.2.1}{\376\377\000I\000n\000t\000r\000o\000d\000u\000c\000t\000i\000o\000n}{chapter.2}% 26
\BOOKMARK [1][-]{section.2.2}{\376\377\000P\000r\000\351\000s\000e\000n\000t\000a\000t\000i\000o\000n\000\040\000d\000u\000\040\000d\000i\000s\000p\000o\000s\000i\000t\000i\000f\000\040\000e\000x\000p\000\351\000r\000i\000m\000e\000n\000t\000a\000l\000\040\000a\000c\000t\000u\000e\000l}{chapter.2}% 27
\BOOKMARK [2][-]{subsection.2.2.1}{\376\377\000G\000\351\000o\000m\000\351\000t\000r\000i\000e\000\040\000d\000u\000\040\000r\000\351\000f\000r\000i\000g\000\351\000r\000a\000t\000e\000u\000r\000\040\000T\000a\000c\000o\000t}{section.2.2}% 28
\BOOKMARK [3][-]{subsubsection.2.2.1.1}{\376\377\000C\000a\000v\000i\000t\000\351\000\040\000t\000h\000e\000r\000m\000o\000a\000c\000o\000u\000s\000t\000i\000q\000u\000e}{subsection.2.2.1}% 29
\BOOKMARK [3][-]{subsubsection.2.2.1.2}{\376\377\000N\000o\000y\000a\000u\000\040\000t\000h\000e\000r\000m\000o\000a\000c\000o\000u\000s\000t\000i\000q\000u\000e}{subsection.2.2.1}% 30
\BOOKMARK [2][-]{subsection.2.2.2}{\376\377\000I\000n\000s\000t\000r\000u\000m\000e\000n\000t\000a\000t\000i\000o\000n}{section.2.2}% 31
\BOOKMARK [3][-]{subsubsection.2.2.2.1}{\376\377\000B\000a\000n\000c\000\040\000d\000'\000e\000s\000s\000a\000i\000s}{subsection.2.2.2}% 32
\BOOKMARK [3][-]{subsubsection.2.2.2.2}{\376\377\000C\000h\000a\000\356\000n\000e\000\040\000d\000'\000e\000x\000c\000i\000t\000a\000t\000i\000o\000n}{subsection.2.2.2}% 33
\BOOKMARK [3][-]{subsubsection.2.2.2.3}{\376\377\000C\000h\000a\000\356\000n\000e\000\040\000d\000'\000a\000c\000q\000u\000i\000s\000i\000t\000i\000o\000n}{subsection.2.2.2}% 34
\BOOKMARK [1][-]{section.2.3}{\376\377\000P\000r\000o\000t\000o\000c\000o\000l\000e\000\040\000e\000x\000p\000\351\000r\000i\000m\000e\000n\000t\000a\000l}{chapter.2}% 35
\BOOKMARK [2][-]{subsection.2.3.1}{\376\377\000D\000\351\000f\000i\000n\000i\000t\000i\000o\000n\000\040\000d\000e\000s\000\040\000o\000r\000i\000e\000n\000t\000a\000t\000i\000o\000n\000s}{section.2.3}% 36
\BOOKMARK [2][-]{subsection.2.3.2}{\376\377\000A\000c\000q\000u\000i\000s\000i\000t\000i\000o\000n\000s}{section.2.3}% 37
\BOOKMARK [3][-]{subsubsection.2.3.2.1}{\376\377\000\311\000t\000a\000t\000\040\000i\000n\000i\000t\000i\000a\000l}{subsection.2.3.2}% 38
\BOOKMARK [3][-]{subsubsection.2.3.2.2}{\376\377\000M\000e\000s\000u\000r\000e\000\040\000p\000r\000\351\000a\000l\000a\000b\000l\000e\000\040\000d\000e\000\040\000l\000a\000\040\000t\000e\000m\000p\000\351\000r\000a\000t\000u\000r\000e\000\040\000d\000'\000e\000a\000u}{subsection.2.3.2}% 39
\BOOKMARK [3][-]{subsubsection.2.3.2.3}{\376\377\000M\000e\000s\000u\000r\000e\000s\000\040\000s\000a\000n\000s\000\040\000a\000c\000o\000u\000s\000t\000i\000q\000u\000e}{subsection.2.3.2}% 40
\BOOKMARK [3][-]{subsubsection.2.3.2.4}{\376\377\000M\000e\000s\000u\000r\000e\000s\000\040\000a\000v\000e\000c\000\040\000a\000c\000o\000u\000s\000t\000i\000q\000u\000e}{subsection.2.3.2}% 41
\BOOKMARK [1][-]{section.2.4}{\376\377\000P\000o\000s\000t\000-\000t\000r\000a\000i\000t\000e\000m\000e\000n\000t\000\040\000d\000e\000s\000\040\000d\000o\000n\000n\000\351\000e\000s}{chapter.2}% 42
\BOOKMARK [1][-]{section.2.5}{\376\377\000C\000o\000n\000c\000l\000u\000s\000i\000o\000n}{chapter.2}% 43
\BOOKMARK [0][-]{chapter.3}{\376\377\000\311\000t\000u\000d\000e\000s\000\040\000t\000h\000\351\000o\000r\000i\000q\000u\000e\000s\000\040\000e\000t\000\040\000n\000u\000m\000\351\000r\000i\000q\000u\000e\000s}{}% 44
\BOOKMARK [1][-]{section.3.1}{\376\377\000I\000n\000t\000r\000o\000d\000u\000c\000t\000i\000o\000n}{chapter.3}% 45
\BOOKMARK [1][-]{section.3.2}{\376\377\000C\000o\000n\000c\000e\000p\000t\000s\000\040\000d\000e\000\040\000c\000o\000n\000v\000e\000c\000t\000i\000o\000n\000\040\000n\000a\000t\000u\000r\000e\000l\000l\000e\000\040\000e\000t\000\040\000n\000o\000m\000b\000r\000e\000s\000\040\000a\000d\000i\000m\000e\000n\000s\000i\000o\000n\000n\000e\000l\000s}{chapter.3}% 46
\BOOKMARK [2][-]{subsection.3.2.1}{\376\377\000N\000o\000m\000b\000r\000e\000\040\000d\000e\000\040\000R\000a\000y\000l\000e\000i\000g\000h\000\040\000h\000o\000r\000s\000\040\000d\000'\000u\000n\000\040\000m\000a\000t\000\351\000r\000i\000a\000u\000\040\000p\000o\000r\000e\000u\000x}{section.3.2}% 47
\BOOKMARK [2][-]{subsection.3.2.2}{\376\377\000N\000o\000m\000b\000r\000e\000\040\000d\000e\000\040\000R\000a\000y\000l\000e\000i\000g\000h\000\040\000d\000a\000n\000s\000\040\000u\000n\000\040\000m\000a\000t\000\351\000r\000i\000a\000u\000\040\000p\000o\000r\000e\000u\000x}{section.3.2}% 48
\BOOKMARK [1][-]{section.3.3}{\376\377\000S\000i\000m\000u\000l\000a\000t\000i\000o\000n\000s\000\040\000p\000a\000r\000\040\000\351\000l\000\351\000m\000e\000n\000t\000s\000\040\000f\000i\000n\000i\000s}{chapter.3}% 49
\BOOKMARK [2][-]{subsection.3.3.1}{\376\377\000C\000\364\000n\000e\000\040\000d\000'\000a\000d\000a\000p\000t\000a\000t\000i\000o\000n\000\040\000d\000'\000i\000m\000p\000\351\000d\000a\000n\000c\000e\000\040\000s\000e\000u\000l}{section.3.3}% 50
\BOOKMARK [2][-]{subsection.3.3.2}{\376\377\000C\000\364\000n\000e\000\040\000d\000'\000a\000d\000a\000p\000t\000a\000t\000i\000o\000n\000\040\000d\000'\000i\000m\000p\000\351\000d\000a\000n\000c\000e\000\040\000c\000o\000u\000p\000l\000\351\000\040\000a\000u\000\040\000n\000o\000y\000a\000u\000\040\000t\000h\000e\000r\000m\000o\000a\000c\000o\000u\000s\000t\000i\000q\000u\000e}{section.3.3}% 51
\BOOKMARK [3][-]{subsubsection.3.3.2.1}{\376\377\000G\000\351\000o\000m\000\351\000t\000r\000i\000e\000\040\000d\000u\000\040\000p\000r\000o\000b\000l\000\350\000m\000e}{subsection.3.3.2}% 52
\BOOKMARK [3][-]{subsubsection.3.3.2.2}{\376\377\000M\000a\000t\000\351\000r\000i\000a\000u\000x\000\040\000c\000o\000m\000p\000o\000s\000a\000n\000t\000\040\000l\000e\000s\000\040\000d\000o\000m\000a\000i\000n\000e\000s}{subsection.3.3.2}% 53
\BOOKMARK [3][-]{subsubsection.3.3.2.3}{\376\377\000M\000o\000d\000\350\000l\000e\000s\000\040\000p\000h\000y\000s\000i\000q\000u\000e\000s\000\040\000u\000t\000i\000l\000i\000s\000\351\000s}{subsection.3.3.2}% 54
\BOOKMARK [3][-]{subsubsection.3.3.2.4}{\376\377\000C\000o\000n\000d\000i\000t\000i\000o\000n\000s\000\040\000a\000u\000x\000\040\000f\000r\000o\000n\000t\000i\000\350\000r\000e\000s}{subsection.3.3.2}% 55
\BOOKMARK [3][-]{subsubsection.3.3.2.5}{\376\377\000R\000\351\000s\000u\000l\000t\000a\000t\000s}{subsection.3.3.2}% 56
\BOOKMARK [1][-]{section.3.4}{\376\377\000M\000o\000d\000\350\000l\000e\000\040\000t\000e\000m\000p\000o\000r\000e\000l\000\040\000d\000u\000\040\000r\000\351\000g\000i\000m\000e\000\040\000t\000r\000a\000n\000s\000i\000t\000o\000i\000r\000e}{chapter.3}% 57
\BOOKMARK [2][-]{subsection.3.4.1}{\376\377\000G\000\351\000o\000m\000\351\000t\000r\000i\000e\000\040\000d\000u\000\040\000p\000r\000o\000b\000l\000\350\000m\000e}{section.3.4}% 58
\BOOKMARK [2][-]{subsection.3.4.2}{\376\377\000C\000h\000a\000m\000p\000\040\000a\000c\000o\000u\000s\000t\000i\000q\000u\000e\000\040\000c\000o\000n\000s\000i\000d\000\351\000r\000\351}{section.3.4}% 59
\BOOKMARK [2][-]{subsection.3.4.3}{\376\377\000M\000\351\000c\000a\000n\000i\000s\000m\000e\000s\000\040\000p\000r\000i\000s\000\040\000e\000n\000\040\000c\000o\000m\000p\000t\000e\000\040\000d\000a\000n\000s\000\040\000l\000e\000\040\000m\000o\000d\000\350\000l\000e}{section.3.4}% 60
\BOOKMARK [2][-]{subsection.3.4.4}{\376\377\000B\000i\000l\000a\000n\000\040\000t\000h\000e\000r\000m\000i\000q\000u\000e}{section.3.4}% 61
\BOOKMARK [2][-]{subsection.3.4.5}{\376\377\000M\000\351\000t\000h\000o\000d\000e\000\040\000d\000e\000s\000\040\000t\000r\000a\000n\000s\000f\000o\000r\000m\000a\000t\000i\000o\000n\000s\000\040\000i\000n\000t\000\351\000g\000r\000a\000l\000e\000s}{section.3.4}% 62
\BOOKMARK [3][-]{subsubsection.3.4.5.1}{\376\377\000A\000p\000p\000l\000i\000c\000a\000t\000i\000o\000n\000\040\000d\000e\000\040\000l\000a\000\040\000m\000\351\000t\000h\000o\000d\000e\000\040\000d\000a\000n\000s\000\040\000l\000a\000\040\000d\000i\000r\000e\000c\000t\000i\000o\000n\000\040\000t\000r\000a\000n\000s\000v\000e\000r\000s\000e}{subsection.3.4.5}% 63
\BOOKMARK [3][-]{subsubsection.3.4.5.2}{\376\377\000A\000p\000p\000l\000i\000c\000a\000t\000i\000o\000n\000\040\000d\000e\000\040\000l\000a\000\040\000m\000\351\000t\000h\000o\000d\000e\000\040\000d\000a\000n\000s\000\040\000l\000a\000\040\000d\000i\000r\000e\000c\000t\000i\000o\000n\000\040\000a\000x\000i\000a\000l\000e}{subsection.3.4.5}% 64
\BOOKMARK [3][-]{subsubsection.3.4.5.3}{\376\377\000A\000p\000p\000l\000i\000c\000a\000t\000i\000o\000n\000\040\000d\000e\000s\000\040\000t\000r\000a\000n\000s\000f\000o\000r\000m\000\351\000e\000s\000\040\000i\000n\000t\000\351\000g\000r\000a\000l\000e\000s\000\040\000i\000n\000v\000e\000r\000s\000e\000s}{subsection.3.4.5}% 65
\BOOKMARK [2][-]{subsection.3.4.6}{\376\377\000D\000\351\000t\000e\000r\000m\000i\000n\000a\000t\000i\000o\000n\000\040\000d\000e\000s\000\040\000p\000a\000r\000a\000m\000\350\000t\000r\000e\000s\000\040\000e\000m\000p\000i\000r\000i\000q\000u\000e\000s}{section.3.4}% 66
\BOOKMARK [3][-]{subsubsection.3.4.6.1}{\376\377\000C\000o\000e\000f\000f\000i\000c\000i\000e\000n\000t\000\040\000d\000'\000\351\000c\000h\000a\000n\000g\000e\000\040\000a\000u\000x\000\040\000e\000x\000t\000r\000\351\000m\000i\000t\000\351\000s\000\040\000d\000u\000\040\000n\000o\000y\000a\000u}{subsection.3.4.6}% 67
\BOOKMARK [3][-]{subsubsection.3.4.6.2}{\376\377\000F\000l\000u\000x\000\040\000t\000h\000e\000r\000m\000i\000q\000u\000e\000\040\000d\000e\000\040\000v\000o\000r\000t\000i\000c\000i\000t\000\351}{subsection.3.4.6}% 68
\BOOKMARK [1][-]{section.3.5}{\376\377\000C\000o\000n\000c\000l\000u\000s\000i\000o\000n}{chapter.3}% 69
\BOOKMARK [0][-]{chapter.4}{\376\377\000R\000\351\000s\000u\000l\000t\000a\000t\000s\000\040\000e\000t\000\040\000d\000i\000s\000c\000u\000s\000s\000i\000o\000n}{}% 70
\BOOKMARK [1][-]{section.4.1}{\376\377\000I\000n\000t\000r\000o\000d\000u\000c\000t\000i\000o\000n}{chapter.4}% 71
\BOOKMARK [1][-]{section.4.2}{\376\377\000I\000m\000p\000a\000c\000t\000\040\000d\000e\000\040\000l\000a\000\040\000c\000o\000n\000v\000e\000c\000t\000i\000o\000n\000\040\000n\000a\000t\000u\000r\000e\000l\000l\000e\000\040\000s\000u\000r\000\040\000l\000e\000s\000\040\000p\000e\000r\000f\000o\000r\000m\000a\000n\000c\000e\000s\000\040\000d\000u\000\040\000r\000\351\000f\000r\000i\000g\000\351\000r\000a\000t\000e\000u\000r}{chapter.4}% 72
\BOOKMARK [2][-]{subsection.4.2.1}{\376\377\000C\000o\000e\000f\000f\000i\000c\000i\000e\000n\000t\000\040\000d\000e\000\040\000p\000e\000r\000f\000o\000r\000m\000a\000n\000c\000e\000s}{section.4.2}% 73
\BOOKMARK [2][-]{subsection.4.2.2}{\376\377\000F\000l\000u\000x\000\040\000d\000e\000\040\000c\000h\000a\000l\000e\000u\000r\000\040\000e\000x\000t\000r\000a\000i\000t\000\040\000p\000a\000r\000\040\000l\000'\000\351\000c\000h\000a\000n\000g\000e\000u\000r\000\040\000d\000e\000\040\000c\000h\000a\000l\000e\000u\000r\000\040\000a\000m\000b\000i\000a\000n\000t}{section.4.2}% 74
\BOOKMARK [2][-]{subsection.4.2.3}{\376\377\000T\000e\000m\000p\000\351\000r\000a\000t\000u\000r\000e\000s\000\040\000a\000t\000t\000e\000i\000n\000t\000e\000s\000\040\000p\000a\000r\000\040\000l\000e\000s\000\040\000c\000\364\000t\000\351\000s\000\040\000f\000r\000o\000i\000d\000\040\000e\000t\000\040\000a\000m\000b\000i\000a\000n\000t\000\040\000d\000u\000\040\000r\000\351\000g\000\351\000n\000\351\000r\000a\000t\000e\000u\000r}{section.4.2}% 75
\BOOKMARK [2][-]{subsection.4.2.4}{\376\377\000D\000i\000s\000c\000u\000s\000s\000i\000o\000n}{section.4.2}% 76
\BOOKMARK [1][-]{section.4.3}{\376\377\000D\000i\000s\000t\000r\000i\000b\000u\000t\000i\000o\000n\000\040\000d\000e\000s\000\040\000t\000e\000m\000p\000\351\000r\000a\000t\000u\000r\000e\000s}{chapter.4}% 77
\BOOKMARK [2][-]{subsection.4.3.1}{\376\377\000D\000a\000n\000s\000\040\000l\000e\000\040\000c\000\364\000n\000e\000\040\000d\000'\000a\000d\000a\000p\000t\000a\000t\000i\000o\000n\000\040\000d\000'\000i\000m\000p\000\351\000d\000a\000n\000c\000e}{section.4.3}% 78
\BOOKMARK [3][-]{subsubsection.4.3.1.1}{\376\377\000E\000x\000p\000\351\000r\000i\000e\000n\000c\000e\000s\000\040\000s\000a\000n\000s\000\040\000a\000c\000o\000u\000s\000t\000i\000q\000u\000e}{subsection.4.3.1}% 79
\BOOKMARK [3][-]{subsubsection.4.3.1.2}{\376\377\000E\000x\000p\000\351\000r\000i\000e\000n\000c\000e\000s\000\040\000a\000v\000e\000c\000\040\000a\000c\000o\000u\000s\000t\000i\000q\000u\000e}{subsection.4.3.1}% 80
\BOOKMARK [3][-]{subsubsection.4.3.1.3}{\376\377\000D\000i\000s\000c\000u\000s\000s\000i\000o\000n}{subsection.4.3.1}% 81
\BOOKMARK [2][-]{subsection.4.3.2}{\376\377\000\300\000\040\000l\000'\000i\000n\000t\000\351\000r\000i\000e\000u\000r\000\040\000d\000u\000\040\000r\000\351\000g\000\351\000n\000\351\000r\000a\000t\000e\000u\000r}{section.4.3}% 82
\BOOKMARK [3][-]{subsubsection.4.3.2.1}{\376\377\000E\000x\000p\000\351\000r\000i\000e\000n\000c\000e\000s\000\040\000s\000a\000n\000s\000\040\000a\000c\000o\000u\000s\000t\000i\000q\000u\000e}{subsection.4.3.2}% 83
\BOOKMARK [3][-]{subsubsection.4.3.2.2}{\376\377\000E\000x\000p\000\351\000r\000i\000e\000n\000c\000e\000s\000\040\000a\000v\000e\000c\000\040\000a\000c\000o\000u\000s\000t\000i\000q\000u\000e}{subsection.4.3.2}% 84
\BOOKMARK [1][-]{section.4.4}{\376\377\000C\000o\000n\000c\000l\000u\000s\000i\000o\000n}{chapter.4}% 85
\BOOKMARK [0][-]{chapter.5}{\376\377\000C\000o\000n\000c\000l\000u\000s\000i\000o\000n}{}% 86
\BOOKMARK [1][-]{section.5.1}{\376\377\000S\000e\000c\000t\000i\000o\000n}{chapter.5}% 87
\BOOKMARK [0][-]{chapter.6}{\376\377\000P\000e\000r\000s\000p\000e\000c\000t\000i\000v\000e\000s}{}% 88
\BOOKMARK [1][-]{section.6.1}{\376\377\000E\000x\000p\000\351\000r\000i\000m\000e\000n\000t\000a\000t\000i\000o\000n\000s\000\040\000s\000u\000p\000p\000l\000\351\000m\000e\000n\000t\000a\000i\000r\000e\000s}{chapter.6}% 89
\BOOKMARK [2][-]{subsection.6.1.1}{\376\377\000\311\000t\000u\000d\000e\000\040\000d\000e\000\040\000l\000a\000\040\000c\000o\000n\000d\000u\000c\000t\000i\000o\000n\000\040\000p\000a\000r\000\040\000l\000e\000s\000\040\000p\000a\000r\000o\000i\000s\000\040\000d\000u\000\040\000n\000o\000y\000a\000u\000\040\000t\000h\000e\000r\000m\000o\000a\000c\000o\000u\000s\000t\000i\000q\000u\000e}{section.6.1}% 90
\BOOKMARK [2][-]{subsection.6.1.2}{\376\377\000\311\000l\000e\000c\000t\000r\000o\000a\000c\000o\000u\000s\000t\000i\000q\000u\000e}{section.6.1}% 91
\BOOKMARK [3][-]{subsubsection.6.1.2.1}{\376\377\000C\000o\000n\000t\000r\000\364\000l\000e\000\040\000a\000c\000t\000i\000f}{subsection.6.1.2}% 92
\BOOKMARK [3][-]{subsubsection.6.1.2.2}{\376\377\000R\000e\000m\000p\000l\000a\000c\000e\000m\000e\000n\000t\000\040\000d\000e\000s\000\040\000s\000o\000u\000r\000c\000e\000s\000\040\000a\000c\000o\000u\000s\000t\000i\000q\000u\000e\000s}{subsection.6.1.2}% 93
\BOOKMARK [1][-]{section.6.2}{\376\377\000S\000i\000m\000u\000l\000a\000t\000i\000o\000n\000s\000\040\000p\000a\000r\000\040\000\351\000l\000\351\000m\000e\000n\000t\000s\000\040\000f\000i\000n\000i\000s\000\040\000a\000v\000a\000n\000c\000\351\000e\000s}{chapter.6}% 94
\BOOKMARK [2][-]{subsection.6.2.1}{\376\377\000G\000\351\000o\000m\000\351\000t\000r\000i\000e}{section.6.2}% 95
\BOOKMARK [2][-]{subsection.6.2.2}{\376\377\000C\000o\000n\000d\000i\000t\000i\000o\000n\000s\000\040\000a\000u\000x\000\040\000f\000r\000o\000n\000t\000i\000\350\000r\000e\000s\000\040\000a\000d\000a\000p\000t\000\351\000e\000s}{section.6.2}% 96
\BOOKMARK [2][-]{subsection.6.2.3}{\376\377\000I\000n\000t\000e\000r\000f\000a\000c\000e\000\040\000p\000h\000y\000s\000i\000q\000u\000e}{section.6.2}% 97
\BOOKMARK [0][-]{appendix.A}{\376\377\000D\000\351\000b\000i\000t\000\040\000d\000'\000e\000a\000u\000\040\000o\000p\000t\000i\000m\000a\000l\000\040\000d\000a\000n\000s\000\040\000l\000'\000\351\000c\000h\000a\000n\000g\000e\000u\000r\000\040\000a\000m\000b\000i\000a\000n\000t}{}% 98
\BOOKMARK [1][-]{section.A.1}{\376\377\000D\000\351\000t\000e\000r\000m\000i\000n\000a\000t\000i\000o\000n\000\040\000d\000e\000\040\000l\000a\000\040\000c\000h\000a\000l\000e\000u\000r\000\040\000p\000o\000m\000p\000\351\000e}{appendix.A}% 99
\BOOKMARK [1][-]{section.A.2}{\376\377\000I\000n\000c\000e\000r\000t\000i\000t\000u\000d\000e\000s\000\040\000d\000e\000\040\000m\000e\000s\000u\000r\000e\000s}{appendix.A}% 100
\BOOKMARK [2][-]{subsection.A.2.1}{\376\377\000T\000e\000m\000p\000\351\000r\000a\000t\000u\000r\000e}{section.A.2}% 101
\BOOKMARK [2][-]{subsection.A.2.2}{\376\377\000D\000\351\000b\000i\000t\000\040\000d\000'\000e\000a\000u}{section.A.2}% 102
\BOOKMARK [0][-]{appendix.B}{\376\377\000I\000n\000s\000t\000r\000u\000m\000e\000n\000t\000a\000t\000i\000o\000n\000\040\000d\000e\000\040\000l\000a\000\040\000s\000o\000u\000r\000c\000e\000\040\000s\000e\000c\000o\000n\000d\000a\000i\000r\000e}{}% 103
\BOOKMARK [1][-]{section.B.1}{\376\377\000O\000b\000j\000e\000c\000t\000i\000f}{appendix.B}% 104
\BOOKMARK [1][-]{section.B.2}{\376\377\000C\000h\000o\000i\000x\000\040\000d\000u\000\040\000c\000a\000p\000t\000e\000u\000r}{appendix.B}% 105
\BOOKMARK [1][-]{section.B.3}{\376\377\000M\000o\000n\000t\000a\000g\000e}{appendix.B}% 106
\BOOKMARK [1][-]{section.B.4}{\376\377\000V\000\351\000r\000i\000f\000i\000c\000a\000t\000i\000o\000n}{appendix.B}% 107
\BOOKMARK [2][-]{subsection.B.4.1}{\376\377\000B\000a\000n\000c\000\040\000d\000e\000\040\000m\000e\000s\000u\000r\000e\000s}{section.B.4}% 108
\BOOKMARK [2][-]{subsection.B.4.2}{\376\377\000R\000\351\000s\000u\000l\000t\000a\000t\000s}{section.B.4}% 109
\BOOKMARK [0][-]{appendix.C}{\376\377\000P\000a\000r\000a\000m\000\350\000t\000r\000e\000s\000\040\000d\000u\000\040\000m\000\351\000l\000a\000n\000g\000e\000\040\000d\000e\000\040\000g\000a\000z\000\040\000c\000h\000o\000i\000s\000i\000\040\000p\000o\000u\000r\000\040\000l\000e\000s\000\040\000e\000x\000p\000\351\000r\000i\000e\000n\000c\000e\000s\000\040\000e\000t\000\040\000s\000i\000m\000u\000l\000a\000t\000i\000o\000n\000s}{}% 110
\BOOKMARK [0][-]{appendix.D}{\376\377\000R\000\351\000c\000a\000p\000i\000t\000u\000l\000a\000t\000i\000f\000\040\000d\000e\000s\000\040\000c\000o\000n\000d\000i\000t\000i\000o\000n\000s\000\040\000e\000x\000p\000\351\000r\000i\000m\000e\000n\000t\000a\000l\000e\000s}{}% 111
\BOOKMARK [1][-]{section.D.1}{\376\377\000\311\000t\000u\000d\000e\000\040\000s\000u\000r\000\040\000l\000a\000\040\000c\000o\000n\000v\000e\000c\000t\000i\000o\000n\000\040\000n\000a\000t\000u\000r\000e\000l\000l\000e}{appendix.D}% 112
\BOOKMARK [0][-]{appendix.E}{\376\377\000F\000a\000b\000r\000i\000c\000a\000t\000i\000o\000n\000\040\000d\000'\000u\000n\000\040\000n\000o\000y\000a\000u\000\040\000t\000h\000e\000r\000m\000o\000a\000c\000o\000u\000s\000t\000i\000q\000u\000e}{}% 113
\BOOKMARK [1][-]{section.E.1}{\376\377\000Q\000u\000a\000n\000t\000i\000t\000\351\000\040\000d\000e\000\040\000t\000i\000s\000s\000u\000s}{appendix.E}% 114
\BOOKMARK [1][-]{section.E.2}{\376\377\000I\000n\000s\000t\000r\000u\000m\000e\000n\000t\000a\000t\000i\000o\000n}{appendix.E}% 115
\BOOKMARK [0][-]{appendix*.69}{\376\377\000B\000i\000b\000l\000i\000o\000g\000r\000a\000p\000h\000i\000e}{}% 116
